111
111
X
1000
123
X
1000
123
X
1000
456
789
X
1000
X
1000
123
X
1000
456
789
X
1000
X
3
X
4
3
X
5
1000
X
1000
X
1000
123
X
1000
456
789
X
1000
X
3
X
4
3
X
5
1000
X
1000
X
1000
X
1000
X
1000
